[001/230] 01_000 packaged
[002/230] 01_001 packaged
[003/230] 01_002 packaged
[004/230] 01_003 packaged
[005/230] 01_004 packaged
[006/230] 01_005 packaged
[007/230] 01_006 packaged
[008/230] 01_007 packaged
[009/230] 01_008 packaged
[010/230] 01_009 packaged
[011/230] 01_010 packaged
[012/230] 01_011 packaged
[013/230] 01_012 packaged
[014/230] 01_013 packaged
[015/230] 01_014 packaged
[016/230] 01_015 packaged
[017/230] 01_016 packaged
[018/230] 01_017 packaged
[019/230] 01_018 packaged
[020/230] 01_019 packaged
[021/230] 01_020 packaged
[022/230] 01_021 packaged
[023/230] 01_022 packaged
[024/230] 01_023 packaged
[025/230] 01_024 packaged
[026/230] 01_025 packaged
[027/230] 01_026 packaged
[028/230] 01_027 packaged
[029/230] 01_028 packaged
[030/230] 01_029 packaged
[031/230] 01_030 packaged
[032/230] 01_031 packaged
[033/230] 01_032 packaged
[034/230] 01_033 packaged
[035/230] 01_034 packaged
[036/230] 01_035 packaged
[037/230] 01_036 packaged
[038/230] 01_037 packaged
[039/230] 01_038 packaged
[040/230] 01_039 packaged
[041/230] 01_040 packaged
[042/230] 01_041 packaged
[043/230] 01_042 packaged
[044/230] 01_043 packaged
[045/230] 01_044 packaged
[046/230] 01_045 packaged
[047/230] 01_046 packaged
[048/230] 01_047 packaged
[049/230] 01_048 packaged
[050/230] 01_049 packaged
[051/230] 01_050 packaged
[052/230] 01_051 packaged
[053/230] 01_052 packaged
[054/230] 01_053 packaged
[055/230] 01_054 packaged
[056/230] 01_055 packaged
[057/230] 01_056 packaged
[058/230] 01_057 packaged
[059/230] 01_058 packaged
[060/230] 01_059 packaged
[061/230] 01_060 packaged
[062/230] 01_061 packaged
[063/230] 01_062 packaged
[064/230] 01_063 packaged
[065/230] 01_064 packaged
[066/230] 01_065 packaged
[067/230] 01_066 packaged
[068/230] 01_067 packaged
[069/230] 01_068 packaged
[070/230] 01_069 packaged
[071/230] 01_070 packaged
[072/230] 01_071 packaged
[073/230] 01_072 packaged
[074/230] 01_073 packaged
[075/230] 01_074 packaged
[076/230] 01_075 packaged
[077/230] 01_076 packaged
[078/230] 01_077 packaged
[079/230] 01_078 packaged
[080/230] 01_079 packaged
[081/230] 01_080 packaged
[082/230] 01_081 packaged
[083/230] 01_082 packaged
[084/230] 01_083 packaged
[085/230] 01_084 packaged
[086/230] 01_085 packaged
[087/230] 01_086 packaged
[088/230] 01_087 packaged
[089/230] 01_088 packaged
[090/230] 01_089 packaged
[091/230] 01_090 packaged
[092/230] 01_091 packaged
[093/230] 01_092 packaged
[094/230] 01_093 packaged
[095/230] 01_094 packaged
[096/230] 01_095 packaged
[097/230] 01_096 packaged
[098/230] 01_097 packaged
[099/230] 01_098 packaged
[100/230] 01_099 packaged
[101/230] 01_100 packaged
[102/230] 01_101 packaged
[103/230] 01_102 packaged
[104/230] 01_103 packaged
[105/230] 01_104 packaged
[106/230] 01_105 packaged
[107/230] 01_106 packaged
[108/230] 01_107 packaged
[109/230] 01_108 packaged
[110/230] 01_109 packaged
[111/230] 01_110 packaged
[112/230] 01_111 packaged
[113/230] 01_112 packaged
[114/230] 01_113 packaged
[115/230] 01_114 packaged
[116/230] 02_000 packaged
[117/230] 02_001 packaged
[118/230] 02_002 packaged
[119/230] 02_003 packaged
[120/230] 02_004 packaged
[121/230] 02_005 packaged
[122/230] 02_006 packaged
[123/230] 02_007 packaged
[124/230] 02_008 packaged
[125/230] 02_009 packaged
[126/230] 02_010 packaged
[127/230] 02_011 packaged
[128/230] 02_012 packaged
[129/230] 02_013 packaged
[130/230] 02_014 packaged
[131/230] 02_015 packaged
[132/230] 02_016 packaged
[133/230] 02_017 packaged
[134/230] 02_018 packaged
[135/230] 02_019 packaged
[136/230] 02_020 packaged
[137/230] 02_021 packaged
[138/230] 02_022 packaged
[139/230] 02_023 packaged
[140/230] 02_024 packaged
[141/230] 02_025 packaged
[142/230] 02_026 packaged
[143/230] 02_027 packaged
[144/230] 02_028 packaged
[145/230] 02_029 packaged
[146/230] 02_030 packaged
[147/230] 02_031 packaged
[148/230] 02_032 packaged
[149/230] 02_033 packaged
[150/230] 02_034 packaged
[151/230] 02_035 packaged
[152/230] 02_036 packaged
[153/230] 02_037 packaged
[154/230] 02_038 packaged
[155/230] 02_039 packaged
[156/230] 02_040 packaged
[157/230] 02_041 packaged
[158/230] 02_042 packaged
[159/230] 02_043 packaged
[160/230] 02_044 packaged
[161/230] 02_045 packaged
[162/230] 02_046 packaged
[163/230] 02_047 packaged
[164/230] 02_048 packaged
[165/230] 02_049 packaged
[166/230] 02_050 packaged
[167/230] 02_051 packaged
[168/230] 02_052 packaged
[169/230] 02_053 packaged
[170/230] 02_054 packaged
[171/230] 02_055 packaged
[172/230] 02_056 packaged
[173/230] 02_057 packaged
[174/230] 02_058 packaged
[175/230] 02_059 packaged
[176/230] 02_060 packaged
[177/230] 02_061 packaged
[178/230] 02_062 packaged
[179/230] 02_063 packaged
[180/230] 02_064 packaged
[181/230] 02_065 packaged
[182/230] 02_066 packaged
[183/230] 02_067 packaged
[184/230] 02_068 packaged
[185/230] 02_069 packaged
[186/230] 02_070 packaged
[187/230] 02_071 packaged
[188/230] 02_072 packaged
[189/230] 02_073 packaged
[190/230] 02_074 packaged
[191/230] 02_075 packaged
[192/230] 02_076 packaged
[193/230] 02_077 packaged
[194/230] 02_078 packaged
[195/230] 02_079 packaged
[196/230] 02_080 packaged
[197/230] 02_081 packaged
[198/230] 02_082 packaged
[199/230] 02_083 packaged
[200/230] 02_084 packaged
[201/230] 02_085 packaged
[202/230] 02_086 packaged
[203/230] 02_087 packaged
[204/230] 02_088 packaged
[205/230] 02_089 packaged
[206/230] 02_090 packaged
[207/230] 02_091 packaged
[208/230] 02_092 packaged
[209/230] 02_093 packaged
[210/230] 02_094 packaged
[211/230] 02_095 packaged
[212/230] 02_096 packaged
[213/230] 02_097 packaged
[214/230] 02_098 packaged
[215/230] 02_099 packaged
[216/230] 02_100 packaged
[217/230] 02_101 packaged
[218/230] 02_102 packaged
[219/230] 02_103 packaged
[220/230] 02_104 packaged
[221/230] 02_105 packaged
[222/230] 02_106 packaged
[223/230] 02_107 packaged
[224/230] 02_108 packaged
[225/230] 02_109 packaged
[226/230] 02_110 packaged
[227/230] 02_111 packaged
[228/230] 02_112 packaged
[229/230] 02_113 packaged
[230/230] 02_114 packaged
========== Final Inference Summary ==========
{
  "test_out_root": "/Users/brian/Desktop/VCL318/U-Net/From U-Net to TransNet Experiment Reproduction 3.0/outputs_test_improved",
  "processed_root": "/Users/brian/Desktop/VCL318/U-Net/From U-Net to TransNet Experiment Reproduction 3.0/processed_unet_test_auto_originalstyle",
  "processed_manifest_name": "test_images.json",
  "gt_processed_root": null,
  "packaged_root": "/Users/brian/Desktop/VCL318/U-Net/From U-Net to TransNet Experiment Reproduction 3.0/outputs_test_infer_improved/packaged_results",
  "num_images_total": 230,
  "num_images_with_gt": 0,
  "elapsed_sec": 2.7512929439544678,
  "checkpoint_meta": {
    "checkpoint_path": "/Users/brian/Desktop/VCL318/U-Net/From U-Net to TransNet Experiment Reproduction 3.0/outputs_train_improved/best_train_loss.pt",
    "checkpoint_keys": [
      "model_state",
      "optimizer_state",
      "epoch",
      "global_step",
      "best_loss",
      "metrics",
      "args"
    ],
    "epoch": 10,
    "global_step": 10880,
    "best_loss": 0.023802775856679278,
    "args": {
      "processed_root": "/Users/brian/Desktop/VCL318/U-Net/From U-Net to TransNet Experiment Reproduction 3.0/processed_unet_train_auto_originalstyle",
      "save_dir": "/Users/brian/Desktop/VCL318/U-Net/From U-Net to TransNet Experiment Reproduction 3.0/outputs_train_improved",
      "batch_size": 1,
      "momentum": 0.99,
      "input_size": 572,
      "output_size": 388,
      "patches_per_image": 32,
      "epochs": 10,
      "lr": 0.0001,
      "weight_decay": 0.0,
      "elastic_deform": true,
      "displacement_std": 10.0,
      "grid_size": 3,
      "normalize": "zscore",
      "gray_value_aug": true,
      "use_bottleneck_dropout": true,
      "dropout_p": 0.5,
      "num_workers": 0,
      "seed": 42,
      "print_freq": 10,
      "save_every": 5,
      "resume": "",
      "device": "auto"
    }
  },
  "avg_positive_pixels": 29693.317391304347,
  "avg_foreground_ratio": 0.08204386989197703,
  "avg_mean_prob": 0.0834555084452681,
  "avg_std_prob": 0.26492857984874557,
  "avg_uncertain_ratio_40_60": 0.0034663557644254795,
  "avg_confident_fg_ratio_p_ge_0_9": 0.07268788682581788,
  "avg_confident_bg_ratio_p_le_0_1": 0.9055628195517621,
  "avg_component_count": 30.517391304347825
}
============================================
