\BOOKMARK [1][-]{section.1}{\376\377\133\236\232\214\166\356\150\007\116\016\213\276\177\156\213\364\146\016}{}% 1
\BOOKMARK [1][-]{section.2}{\376\377\133\236\232\214\156\005\123\125\116\016\213\272\145\207\204\075\160\271}{}% 2
\BOOKMARK [2][-]{subsection.2.1}{\376\377\000A\000\040\137\305\120\132\133\236\232\214\000\040\116\073\176\323\147\234\137\305\230\173\133\214\145\164}{section.2}% 3
\BOOKMARK [3][-]{subsubsection.2.1.1}{\376\377\000A\0000\000\040\173\241\176\277\232\214\213\301\377\010\000S\000a\000n\000i\000t\000y\000\040\000C\000h\000e\000c\000k\377\014\000b\000a\000s\000e\000l\000i\000n\000e\000\137\000d\000e\000b\000u\000g\377\011}{subsection.2.1}% 4
\BOOKMARK [3][-]{subsubsection.2.1.2}{\376\377\000A\0001\000\040\000B\000M\000A\000D\000\040\121\155\145\160\143\156\226\306\116\073\210\150\377\010\000b\000a\000s\000e\000l\000i\000n\000e\000\137\000f\000u\000l\000l\377\011}{subsection.2.1}% 5
\BOOKMARK [3][-]{subsubsection.2.1.3}{\376\377\000A\0002\000\040\137\072\127\372\176\277\133\371\237\120\377\010\000b\000a\000s\000e\000l\000i\000n\000e\000\137\000f\000u\000l\000l\377\014\201\363\134\021\000\040\0006\000\040\116\052\377\011}{subsection.2.1}% 6
\BOOKMARK [2][-]{subsection.2.2}{\376\377\000B\000\040\116\073\133\236\232\214\000\040\137\025\121\145\174\222\164\003\147\072\122\066\377\010\000G\000B\000R\000\040\116\073\145\271\154\325\377\011}{section.2}% 7
\BOOKMARK [3][-]{subsubsection.2.2.1}{\376\377\000B\0000\000\040\145\271\154\325\133\232\116\111\116\016\133\236\163\260\217\271\165\114\377\010\000G\000B\000R\000-\000A\000D\377\014\000B\000M\000A\000D\000\040\143\322\116\366\123\026\377\011}{subsection.2.2}% 8
\BOOKMARK [3][-]{subsubsection.2.2.2}{\376\377\000B\0001\000\040\116\073\133\371\153\324\133\236\232\214\377\010\000R\000D\0004\000A\000D\000\040\000v\000s\000\040\000G\000B\000R\000-\000A\000D\377\011}{subsection.2.2}% 9
\BOOKMARK [3][-]{subsubsection.2.2.3}{\376\377\000B\0002\000\040\123\327\143\247\213\306\122\053\133\236\232\214\377\010\134\017\165\305\160\166\116\016\117\116\133\371\153\324\116\023\155\113\377\011}{subsection.2.2}% 10
\BOOKMARK [3][-]{subsubsection.2.2.4}{\376\377\000B\0003\000\040\213\301\143\156\224\376\123\357\211\343\221\312\140\047\377\010\213\301\143\156\133\120\126\376\116\016\142\245\124\112\137\017\217\223\121\372\377\011}{subsection.2.2}% 11
\BOOKMARK [2][-]{subsection.2.3}{\376\377\000C\000\040\137\305\120\132\133\236\232\214\000\040\213\301\146\016\215\041\163\056\147\145\201\352\150\070\137\303\152\041\127\127}{section.2}% 12
\BOOKMARK [3][-]{subsubsection.2.3.1}{\376\377\000C\0001\000\040\155\210\207\215\133\236\232\214\377\010\201\363\134\021\000\040\0004\000\040\176\304\377\011}{subsection.2.3}% 13
\BOOKMARK [3][-]{subsubsection.2.3.2}{\376\377\000C\0002\000\040\215\205\123\302\145\117\141\037\140\047\377\010\174\222\164\003\226\010\120\074\116\016\126\376\176\323\147\204\377\011}{subsection.2.3}% 14
\BOOKMARK [2][-]{subsection.2.4}{\376\377\000D\000\040\137\072\160\310\136\372\213\256\133\236\232\214\000\040\123\073\133\146\127\072\146\157\122\240\122\006\230\171}{section.2}% 15
\BOOKMARK [3][-]{subsubsection.2.4.1}{\376\377\000D\0001\000\040\145\160\143\156\145\110\163\207}{subsection.2.4}% 16
\BOOKMARK [3][-]{subsubsection.2.4.2}{\376\377\000D\0002\000\040\234\201\150\322\140\047\155\113\213\325}{subsection.2.4}% 17
\BOOKMARK [3][-]{subsubsection.2.4.3}{\376\377\000D\0003\000\040\215\350\127\337\154\333\123\026}{subsection.2.4}% 18
\BOOKMARK [2][-]{subsection.2.5}{\376\377\000E\000\040\137\305\120\132\133\236\232\214\000\040\116\343\116\367\116\016\123\357\211\343\221\312\140\047}{section.2}% 19
\BOOKMARK [3][-]{subsubsection.2.5.1}{\376\377\000E\0001\000\040\213\241\173\227\137\000\225\000\116\016\145\110\163\207}{subsection.2.5}% 20
\BOOKMARK [3][-]{subsubsection.2.5.2}{\376\377\000E\0002\000\040\133\232\140\047\123\357\211\306\123\026\116\016\225\031\213\357\122\006\147\220}{subsection.2.5}% 21
\BOOKMARK [1][-]{section.3}{\376\377\143\250\203\120\143\250\217\333\230\172\136\217}{}% 22
\BOOKMARK [1][-]{section.4}{\376\377\213\272\145\207\116\244\116\330\162\151\156\005\123\125}{}% 23
